+-------------------------+---------------+-----------------+--------+
| Description             | ID            | Name            | ZoneID |
+-------------------------+---------------+-----------------+--------+
| General purpose flavors | flavor-zone-1 | General Purpose | zone-1 |
+-------------------------+---------------+-----------------+--------+
