+-----------+---------------+-----+------------------------+----------+---------------+-----+-------+-----------+--------+----------+----------------+--------------+--------+
| Bandwidth | BandwidthUnit | CPU | CPUPlatformDescription | FlavorID | FlavorZoneID  | GPU | Group | IsSoldOut | Memory | Metadata | Name           | RemainingVMs | ZoneID |
+-----------+---------------+-----+------------------------+----------+---------------+-----+-------+-----------+--------+----------+----------------+--------------+--------+
| 0         |               | 1   |                        | flavor-1 | flavor-zone-1 | 0   |       | false     | 2048   |          | s2-general-1x2 | 10           |        |
+-----------+---------------+-----+------------------------+----------+---------------+-----+-------+-----------+--------+----------+----------------+--------------+--------+
