{
  "Server": {
    "BootVolumeID": "",
    "CreatedAt": "",
    "Description": "",
    "EncryptionVolume": false,
    "EnableLog": false,
    "EnableMetric": false,
    "Licence": false,
    "LicenseKey": "",
    "Location": "",
    "Metadata": "",
    "MigrateState": "",
    "MigrationStatus": "",
    "Name": "web-1",
    "Product": "",
    "ServerGroupID": null,
    "ServerGroupName": "",
    "SSHKeyName": "",
    "Status": "ACTIVE",
    "StopBeforeMigrate": false,
    "User": "",
    "UUID": "server-1",
    "Image": {
      "FlavorZoneIDs": [],
      "ID": "",
      "ImageType": "",
      "ImageVersion": "",
      "Licence": false,
      "PackageLimit": {
        "CPU": 0,
        "DiskSize": 0,
        "Memory": 0
      }
    },
    "Flavor": {
      "Bandwidth": 0,
      "BandwidthUnit": "",
      "CPU": 0,
      "CPUPlatformDescription": "",
      "FlavorID": "",
      "FlavorZoneID": "",
      "GPU": 0,
      "Group": "",
      "IsSoldOut": false,
      "Memory": 0,
      "Metadata": "",
      "Name": "",
      "RemainingVMs": 0,
      "ZoneID": ""
    },
    "SecurityGroups": [],
    "ExternalInterfaces": [],
    "InternalInterfaces": [],
    "ZoneID": "",
    "Zone": {
      "UUID": "",
      "Name": "",
      "ZoneType": "",
      "IsDefault": false,
      "Description": "",
      "IsEnabled": false,
      "OpenStackZone": "",
      "IPRanges": [],
      "ServerCount": 0,
      "VolumeCount": 0
    },
    "AppLicense": null,
    "AppLicenseName": "",
    "AppPackageVersionName": "",
    "DefaultTagIDs": [],
    "FlavorZoneID": "",
    "FlavorZones": null,
    "GPUMemory": null,
    "HostGroupID": ""
  }
}
