+-------------+---------------+---------------+----------------------+--------+------------+---------------+--------------+-----------+--------------------------+
| AccessLevel | AttachedUsers | BackendName   | CreatedAt            | ID     | ImageCount | Name          | QuotaLimitGB | QuotaUsed | RegistryURL              |
+-------------+---------------+---------------+----------------------+--------+------------+---------------+--------------+-----------+--------------------------+
| PRIVATE     | 0             | <account>-app | 2026-01-01T00:00:00Z | repo-1 | 0          | <account>-app | 1            | 0         | <hostname>/<account>-app |
+-------------+---------------+---------------+----------------------+--------+------------+---------------+--------------+-----------+--------------------------+
