+----------------------------------------------------------------------------------------------------------------------------------------------------------------------------------------------------------------------------------------------------------------------------------------------------+
| Repository                                                                                                                                                                                                                                                                                         |
+----------------------------------------------------------------------------------------------------------------------------------------------------------------------------------------------------------------------------------------------------------------------------------------------------+
| {"AccessLevel":"PRIVATE","AttachedUsers":0,"BackendName":"\u003caccount\u003e-app","CreatedAt":"2026-01-01T00:00:00Z","ID":"repo-1","ImageCount":0,"Name":"\u003caccount\u003e-app","QuotaLimitGB":1,"QuotaUsed":0,"RegistryURL":"\u003chostname\u003e/\u003caccount\u003e-app","Status":"ACTIVE"} |
+----------------------------------------------------------------------------------------------------------------------------------------------------------------------------------------------------------------------------------------------------------------------------------------------------+
