+------------------------+------------+-----------------------------------------------------------------------------------------------------------------------------------------------------------------------------------------------------------------------------------------------------------------------------------------------------------------------------------------------------------------------------------+
| SecretFile             | SecretKey  | User                                                                                                                                                                                                                                                                                                                                                                              |
+------------------------+------------+-----------------------------------------------------------------------------------------------------------------------------------------------------------------------------------------------------------------------------------------------------------------------------------------------------------------------------------------------------------------------------------+
| /home/agent/vcr-secret | [redacted] | {"BackendName":"app-ci","CreatedAt":"2026-01-01T00:00:00Z","Description":"CI pull user","Disabled":false,"ExpiredAt":"2026-06-01T00:00:00Z","ID":"ra-1","Name":"app-ci","NumberOfRepositories":1,"Repositories":[{"BackendRepositoryName":"app-test","Policies":[{"Action":"Pull Images","ID":"policy-1"}],"RepositoryID":"repo-1","RepositoryName":"app-test"}],"UserID":"1001"} |
+------------------------+------------+-----------------------------------------------------------------------------------------------------------------------------------------------------------------------------------------------------------------------------------------------------------------------------------------------------------------------------------------------------------------------------------+
