+-------------+---------------+-------------+----------------------+--------+------------+----------+--------------+-----------+---------------------+
| AccessLevel | AttachedUsers | BackendName | CreatedAt            | ID     | ImageCount | Name     | QuotaLimitGB | QuotaUsed | RegistryURL         |
+-------------+---------------+-------------+----------------------+--------+------------+----------+--------------+-----------+---------------------+
| PRIVATE     | 0             | app-test    | 2026-01-01T00:00:00Z | repo-1 | 0          | app-test | 1            | 0         | <hostname>/app-test |
+-------------+---------------+-------------+----------------------+--------+------------+----------+--------------+-----------+---------------------+
