+-------------+----------------------+--------------+----------+----------------------+------+--------+----------------------+--------------------------------------------------------------------------------------------------------------------------------------------------+--------+
| BackendName | CreatedAt            | Description  | Disabled | ExpiredAt            | ID   | Name   | NumberOfRepositories | Repositories                                                                                                                                     | UserID |
+-------------+----------------------+--------------+----------+----------------------+------+--------+----------------------+--------------------------------------------------------------------------------------------------------------------------------------------------+--------+
| app-ci      | 2026-01-01T00:00:00Z | CI pull user | false    | 2026-06-01T00:00:00Z | ra-1 | app-ci | 1                    | [{"BackendRepositoryName":"app-test","Policies":[{"Action":"Pull Images","ID":"policy-1"}],"RepositoryID":"repo-1","RepositoryName":"app-test"}] | 1001   |
+-------------+----------------------+--------------+----------+----------------------+------+--------+----------------------+--------------------------------------------------------------------------------------------------------------------------------------------------+--------+
