{
  "Items": [
    {
      "ID": "ra-1",
      "Name": "app-ci",
      "BackendName": "app-ci",
      "Description": "CI pull user",
      "Disabled": false,
      "ExpiredAt": "2026-06-01T00:00:00Z",
      "CreatedAt": "2026-01-01T00:00:00Z",
      "NumberOfRepositories": 1,
      "UserID": "1001",
      "Repositories": [
        {
          "RepositoryID": "repo-1",
          "RepositoryName": "app-test",
          "BackendRepositoryName": "app-test",
          "Policies": [
            {
              "ID": "policy-1",
              "Action": "Pull Images"
            }
          ]
        }
      ]
    }
  ],
  "Page": 1,
  "PageSize": 25,
  "TotalPage": 1,
  "TotalItem": 1
}
