+-------------------------------------------------------------------------------------------------------------------------------------------------------------------------------------------------------------------------------------+
| Repository                                                                                                                                                                                                                          |
+-------------------------------------------------------------------------------------------------------------------------------------------------------------------------------------------------------------------------------------+
| {"AccessLevel":"PRIVATE","AttachedUsers":0,"BackendName":"app-test","CreatedAt":"2026-01-01T00:00:00Z","ID":"repo-1","ImageCount":0,"Name":"app-test","QuotaLimitGB":1,"QuotaUsed":0,"RegistryURL":"\u003chostname\u003e/app-test"} |
+-------------------------------------------------------------------------------------------------------------------------------------------------------------------------------------------------------------------------------------+
