{
  "Repository": {
    "ID": "repo-1",
    "Name": "app-test",
    "BackendName": "app-test",
    "AccessLevel": "PRIVATE",
    "RegistryURL": "\u003chostname\u003e/app-test",
    "QuotaLimitGB": 1,
    "QuotaUsed": 0,
    "ImageCount": 0,
    "AttachedUsers": 0,
    "CreatedAt": "2026-01-01T00:00:00Z"
  }
}
