{"CreatedAt":"2026-01-01T00:00:00Z","DeletedAt":null,"EnableStickySession":null,"HostedZoneID":"hosted-zone-1","ID":"record-1","RoutingPolicy":"simple-routing","Status":"ACTIVE","SubDomain":"www.app.internal","TTL":300,"Type":"A","UpdatedAt":"2026-01-02T13:00:00Z","Value":[{"Location":null,"Value":"10.0.0.1","Weight":null}]}
