+----------------------+-----------+-------------+---------+-------+--------+---------+--------+------+-----------+--------+----------------------------------------------------------------------------------------------------------------------------------------------------+
| CreatedAt            | DeletedAt | Description | Domains | ID    | Name   | Package | Status | Type | UpdatedAt | UserID | VIPs                                                                                                                                               |
+----------------------+-----------+-------------+---------+-------+--------+---------+--------+------+-----------+--------+----------------------------------------------------------------------------------------------------------------------------------------------------+
| 2026-01-01T00:00:00Z |           |             | []      | glb-1 | my-glb | basic   | ACTIVE | DNS  |           | 0      | [{"Address":"203.0.113.10","CreatedAt":"","DeletedAt":"","GlobalLoadBalancerID":"glb-1","ID":1,"Region":"hcm-3","Status":"ACTIVE","UpdatedAt":""}] |
+----------------------+-----------+-------------+---------+-------+--------+---------+--------+------+-----------+--------+----------------------------------------------------------------------------------------------------------------------------------------------------+
