+-----------------------------------------------------------------------------------------------------------------------------------------------------------------------------------------------------------------------------------------------------------------------------------------------------------------------------------------------------+
| LoadBalancer                                                                                                                                                                                                                                                                                                                                        |
+-----------------------------------------------------------------------------------------------------------------------------------------------------------------------------------------------------------------------------------------------------------------------------------------------------------------------------------------------------+
| {"CreatedAt":"2026-01-01T00:00:00Z","DeletedAt":"","Description":"","Domains":[],"ID":"glb-1","Name":"my-glb","Package":"basic","Status":"ACTIVE","Type":"DNS","UpdatedAt":"","UserID":0,"VIPs":[{"Address":"203.0.113.10","CreatedAt":"","DeletedAt":"","GlobalLoadBalancerID":"glb-1","ID":1,"Region":"hcm-3","Status":"ACTIVE","UpdatedAt":""}]} |
+-----------------------------------------------------------------------------------------------------------------------------------------------------------------------------------------------------------------------------------------------------------------------------------------------------------------------------------------------------+
