+--------------+--------------+-----------------+----------------------+-----------------------+---------------+-------------+----------+--------------------+----------+---------+---------+------------+-----------------------------------------------------------------------------------+-----------+-------------------+-----------------+----------------+--------+------------+---------+------+----------------------+--------+
| Address      | AutoScalable | BackendSubnetID | CreatedAt            | Description           | DisplayStatus | DisplayType | Internal | LoadBalancerSchema | Location | MaxSize | MinSize | Name       | Nodes                                                                             | PackageID | PrivateSubnetCIDR | PrivateSubnetID | ProgressStatus | Status | TotalNodes | Type    | UUID | UpdatedAt            | ZoneID |
+--------------+--------------+-----------------+----------------------+-----------------------+---------------+-------------+----------+--------------------+----------+---------+---------+------------+-----------------------------------------------------------------------------------+-----------+-------------------+-----------------+----------------+--------+------------+---------+------+----------------------+--------+
| 203.0.113.10 | true         | subnet-1        | 2026-01-01T00:00:00Z | example load balancer | ACTIVE        | Layer 4     | false    | INTERNET           | hcm-3    | 2       | 1       | example-lb | [{"Status":"ACTIVE","SubnetID":"subnet-1","ZoneID":"zone-a","ZoneName":"Zone A"}] | pkg-1     | 10.0.0.0/24       | subnet-1        |                | ACTIVE | 1          | Layer 4 | lb-1 | 2026-01-02T00:00:00Z | zone-a |
+--------------+--------------+-----------------+----------------------+-----------------------+---------------+-------------+----------+--------------------+----------+---------+---------+------------+-----------------------------------------------------------------------------------+-----------+-------------------+-----------------+----------------+--------+------------+---------+------+----------------------+--------+
