+----------------------------------------------------------------------------------------------------------------------------------------------------------------------------------------------------------------------------------------------------------------------------------------------------------------------------------------------------------------------------------------------------------------------------------------------------+
| Listener                                                                                                                                                                                                                                                                                                                                                                                                                                           |
+----------------------------------------------------------------------------------------------------------------------------------------------------------------------------------------------------------------------------------------------------------------------------------------------------------------------------------------------------------------------------------------------------------------------------------------------------+
| {"AllowedCIDRs":"10.0.0.0/24","CertificateAuthorities":[],"ClientCertificateAuthentication":null,"ConnectionLimit":0,"CreatedAt":"","DefaultCertificateAuthority":null,"DefaultPoolID":"","DefaultPoolName":"","Description":"","DisplayStatus":"ACTIVE","InsertHeaders":[],"Name":"https","ProgressStatus":"","Protocol":"HTTPS","ProtocolPort":443,"TimeoutClient":0,"TimeoutConnection":0,"TimeoutMember":0,"UUID":"listener-1","UpdatedAt":""} |
+----------------------------------------------------------------------------------------------------------------------------------------------------------------------------------------------------------------------------------------------------------------------------------------------------------------------------------------------------------------------------------------------------------------------------------------------------+
