+---------------------------------------------------------------------------------------------------------------------------------------------------------------------------------------------------------------------------------------+
| Pool                                                                                                                                                                                                                                  |
+---------------------------------------------------------------------------------------------------------------------------------------------------------------------------------------------------------------------------------------+
| {"Description":"","DisplayStatus":"ACTIVE","HealthMonitor":null,"LoadBalanceMethod":"ROUND_ROBIN","Members":[],"Name":"pool-1","ProgressStatus":"CREATED","Protocol":"HTTP","Stickiness":false,"TLSEncryption":false,"UUID":"pool-1"} |
+---------------------------------------------------------------------------------------------------------------------------------------------------------------------------------------------------------------------------------------+
