+---------------------------------------------------------------------------------------------------------------------------------------------------------------------------------------------------------------------------------------------------------------------------------------------------------------------------------------------------------------------------------------------------------------------------------------------------------------------------------------------------------------------------------------------------------------------------------------------------------------------------------------------+
| LoadBalancer                                                                                                                                                                                                                                                                                                                                                                                                                                                                                                                                                                                                                                |
+---------------------------------------------------------------------------------------------------------------------------------------------------------------------------------------------------------------------------------------------------------------------------------------------------------------------------------------------------------------------------------------------------------------------------------------------------------------------------------------------------------------------------------------------------------------------------------------------------------------------------------------------+
| {"Address":"203.0.113.10","AutoScalable":true,"BackendSubnetID":"subnet-1","CreatedAt":"2026-01-01T00:00:00Z","Description":"example load balancer","DisplayStatus":"ACTIVE","DisplayType":"Layer 4","Internal":false,"LoadBalancerSchema":"INTERNET","Location":"hcm-3","MaxSize":2,"MinSize":1,"Name":"example-lb","Nodes":[{"Status":"ACTIVE","SubnetID":"subnet-1","ZoneID":"zone-a","ZoneName":"Zone A"}],"PackageID":"pkg-1","PrivateSubnetCIDR":"10.0.0.0/24","PrivateSubnetID":"subnet-1","ProgressStatus":"","Status":"ACTIVE","TotalNodes":1,"Type":"Layer 4","UUID":"lb-1","UpdatedAt":"2026-01-02T00:00:00Z","ZoneID":"zone-a"} |
+---------------------------------------------------------------------------------------------------------------------------------------------------------------------------------------------------------------------------------------------------------------------------------------------------------------------------------------------------------------------------------------------------------------------------------------------------------------------------------------------------------------------------------------------------------------------------------------------------------------------------------------------+
