+--------------------------------------------------------------------------------------------------------------------------------------------------------------------------------------------------------------------------------------------------------------------------------------------------------+
| Policy                                                                                                                                                                                                                                                                                                 |
+--------------------------------------------------------------------------------------------------------------------------------------------------------------------------------------------------------------------------------------------------------------------------------------------------------+
| {"Action":"REDIRECT_TO_POOL","CreatedAt":"","Description":"","DisplayStatus":"ACTIVE","KeepQueryString":false,"L7Rules":[],"Name":"route-api","Position":0,"ProgressStatus":"","RedirectHTTPCode":0,"RedirectPoolID":"pool-1","RedirectPoolName":"","RedirectURL":"","UUID":"policy-1","UpdatedAt":""} |
+--------------------------------------------------------------------------------------------------------------------------------------------------------------------------------------------------------------------------------------------------------------------------------------------------------+
