+-----------------+---------------+--------------+---------------+---------------------------------------------------------------------------------------------------------------------------------+
| DiscountPercent | DiscountPrice | OptimumPrice | OriginalPrice | Properties                                                                                                                      |
+-----------------+---------------+--------------+---------------+---------------------------------------------------------------------------------------------------------------------------------+
| 0               | 0             | 400000       | 400000        | [{"CurrentPrice":null,"Description":"","DiscountPercent":0,"MonthlyPrice":400000,"Name":"LOAD BALANCER","OptimumPrice":400000}] |
+-----------------+---------------+--------------+---------------+---------------------------------------------------------------------------------------------------------------------------------+
