	alarm-1	Log	{"AggField":"","AggType":"","Condition":"","Filter":[],"GroupByField":"","ID":"","InAlarm":["channel-1","channel-2"],"LogProjectID":"","LogProjectName":"","OK":["channel-1"],"QueryString":"","Resend":{"Enabled":false,"Period":0,"Statuses":[],"Times":0},"ThresholdType":"","ThresholdValue":0,"TimeFrame":0}		example-log-alarm	MEDIUM	OK
	alarm-2	Metric		metric-map-1	example-metric-alarm	HIGH	In-alarm
