+-------------------------------------------------------------------------------------------------------------------------------------------------------------------------+---------+
| LogProject                                                                                                                                                              | OrderID |
+-------------------------------------------------------------------------------------------------------------------------------------------------------------------------+---------+
| {"BillingStatus":"PAID","CreatedAt":"Jan 1, 2026, 12:00:00 AM","ID":"proj-1","ProjectDescription":"app logs","ProjectName":"app","ProjectType":"LOG","Status":"ACTIVE"} | order-1 |
+-------------------------------------------------------------------------------------------------------------------------------------------------------------------------+---------+
