true	{"Config":{"Assertions":[{"Operator":"does_not_match_regex","Target":"[4-5][0-9][0-9]","Type":"status_code"}],"Request":{"Body":"","Headers":null,"Method":"GET","Query":null,"Timeout":30,"URL":"https://example.com","VerifiedSSL":true}},"CreatedAt":"Jan 1, 2026, 12:00:00 AM","ID":"chk-1","Locations":["loc-1"],"Name":"example-check","Options":{"FailedLocations":1,"TestFrequency":60,"Tests":1},"Status":"DISABLED","Subtype":"HTTP","Type":"API","UpdatedAt":"Jan 2, 2026, 1:00:00 PM"}
