+--------------------------------------------------------------------------------------------------------------------------------------------------------------------------------------------------------------------------------------------------------------------------------------------------------------------------------------------------------------------------------------------------------------------------------------------------+
| Alarm                                                                                                                                                                                                                                                                                                                                                                                                                                            |
+--------------------------------------------------------------------------------------------------------------------------------------------------------------------------------------------------------------------------------------------------------------------------------------------------------------------------------------------------------------------------------------------------------------------------------------------------+
| {"Description":"","ID":"alarm-1","Kind":"Log","Log":{"AggField":"","AggType":"","Condition":"","Filter":[],"GroupByField":"","InAlarm":["channel-1","channel-2"],"LogProjectID":"","LogProjectName":"","OK":["channel-1"],"QueryString":"","Resend":{"Enabled":false,"Period":0,"Statuses":[],"Times":0},"ThresholdType":"","ThresholdValue":0,"TimeFrame":0},"MetricMappingID":"","Name":"example-log-alarm","Severity":"MEDIUM","Status":"OK"} |
+--------------------------------------------------------------------------------------------------------------------------------------------------------------------------------------------------------------------------------------------------------------------------------------------------------------------------------------------------------------------------------------------------------------------------------------------------+
