+------------------------------------------------------------------------------------------------------------------------------------------------------------------------------------------------------------------------------------------------------------+
| Channel                                                                                                                                                                                                                                                    |
+------------------------------------------------------------------------------------------------------------------------------------------------------------------------------------------------------------------------------------------------------------+
| {"Address":"https://example.com/\u003credacted\u003e","CreatedDate":"2026-09-26T15:46:45","Headers":[{"Key":"X-Api-Key","Value":"\u003credacted\u003e"}],"ID":"channel-1","MetricMappingID":"","Name":"example-webhook","Type":"Webhook","UpdatedDate":""} |
+------------------------------------------------------------------------------------------------------------------------------------------------------------------------------------------------------------------------------------------------------------+
