+-----------------+---------------+--------------+---------------+--------------------------------------------------------------------------------------------------------------------------------------------+
| DiscountPercent | DiscountPrice | OptimumPrice | OriginalPrice | Properties                                                                                                                                 |
+-----------------+---------------+--------------+---------------+--------------------------------------------------------------------------------------------------------------------------------------------+
|                 | 0             | 917000       | 917000        | [{"Description":null,"DiscountPercent":null,"DiscountPrice":0,"Name":"monitor-platform-log","OptimumPrice":917000,"OriginalPrice":917000}] |
+-----------------+---------------+--------------+---------------+--------------------------------------------------------------------------------------------------------------------------------------------+
