+------------+----------------------------------------------------------------------+------------+------------------------------------------+
| EndDate    | Series                                                               | StartDate  | Summary                                  |
+------------+----------------------------------------------------------------------+------------+------------------------------------------+
| 2026-01-31 | [{"Cost":10.25,"Date":"2026-01-01"},{"Cost":20,"Date":"2026-01-02"}] | 2026-01-01 | {"CurrentCost":120.5,"ForecastCost":200} |
+------------+----------------------------------------------------------------------+------------+------------------------------------------+
