+-------+---------+-------+--------------+---------+
| ID    | Name    | Sites | Status       | Tunnels |
+-------+---------+-------+--------------+---------+
| vpn-1 | edge    | 2     | ACTIVE       | 3       |
| vpn-2 | pending | 0     | PROVISIONING | 0       |
+-------+---------+-------+--------------+---------+
