+----------------------+----------+-------------+----------------------+----------+-------------+-----------+------+-----------------+
| CreatedDate          | IsPublic | IsVersioned | LastModified         | Name     | ObjectCount | SizeBytes | Type | VersionLocation |
+----------------------+----------+-------------+----------------------+----------+-------------+-----------+------+-----------------+
| 2026-01-01T00:00:00Z | false    | true        | 2026-01-02T00:00:00Z | bucket-a | 12          | 3456      | ceph |                 |
+----------------------+----------+-------------+----------------------+----------+-------------+-----------+------+-----------------+
