+-----------------+---------------+--------------+---------------+------------------------------------------------------------------------------------------------------------------------+
| DiscountPercent | DiscountPrice | OptimumPrice | OriginalPrice | Properties                                                                                                             |
+-----------------+---------------+--------------+---------------+------------------------------------------------------------------------------------------------------------------------+
| 0               | 0             | 32000        | 32000         | [{"CurrentPrice":null,"Description":"","DiscountPercent":0,"MonthlyPrice":32000,"Name":"Volume","OptimumPrice":32000}] |
+-----------------+---------------+--------------+---------------+------------------------------------------------------------------------------------------------------------------------+
