+-----------------------------------------------------------------------------------------------------------------------------------------------------------------------------------------------------------------------------------------------------------------------------------------------------------------------------------------------------------------------------------------------------------------------------------------------------------------------------------------------------------------------------------------------------------------------------------------------------------------------------------------------------------------------------------------------------------------------------------------+
| Volume                                                                                                                                                                                                                                                                                                                                                                                                                                                                                                                                                                                                                                                                                                                                  |
+-----------------------------------------------------------------------------------------------------------------------------------------------------------------------------------------------------------------------------------------------------------------------------------------------------------------------------------------------------------------------------------------------------------------------------------------------------------------------------------------------------------------------------------------------------------------------------------------------------------------------------------------------------------------------------------------------------------------------------------------+
| {"BootIndex":0,"Bootable":false,"CreatedAt":"2026-01-01T00:00:00Z","Description":"","EncryptionKeyID":"","EncryptionType":null,"ID":"","IOPS":"3000","Location":null,"MaxSize":0,"MigrateState":"","MinSize":0,"MultiAttach":false,"Name":"data","PersistentVolume":false,"Product":"","ProjectID":"","ServerID":"server-1","ServerIDList":[],"ServerNameList":[],"Size":100,"Status":"IN-USE","StatusMessage":"","Throughput":null,"UUID":"volume-1","UpdatedAt":null,"VolumeType":null,"VolumeTypeID":"type-1","VolumeTypeZoneName":"","Zone":{"Description":"","IPRanges":[],"IsDefault":false,"IsEnabled":false,"Name":"zone-a-name","OpenStackZone":"","ServerCount":0,"UUID":"zone-a","VolumeCount":0,"ZoneType":""},"ZoneID":""} |
+-----------------------------------------------------------------------------------------------------------------------------------------------------------------------------------------------------------------------------------------------------------------------------------------------------------------------------------------------------------------------------------------------------------------------------------------------------------------------------------------------------------------------------------------------------------------------------------------------------------------------------------------------------------------------------------------------------------------------------------------+
