+-----------+----------+----------------------+-------------+-----------------+----------------+----+------+----------+---------+--------------+---------+-------------+------+------------------+---------+-----------+----------+--------------+----------------+------+--------+---------------+------------+----------+-----------+------------+--------------+--------------------+----------------------------------------------------------------------------------------------------------------------------------------------------------------------------+--------+
| BootIndex | Bootable | CreatedAt            | Description | EncryptionKeyID | EncryptionType | ID | IOPS | Location | MaxSize | MigrateState | MinSize | MultiAttach | Name | PersistentVolume | Product | ProjectID | ServerID | ServerIDList | ServerNameList | Size | Status | StatusMessage | Throughput | UUID     | UpdatedAt | VolumeType | VolumeTypeID | VolumeTypeZoneName | Zone                                                                                                                                                                       | ZoneID |
+-----------+----------+----------------------+-------------+-----------------+----------------+----+------+----------+---------+--------------+---------+-------------+------+------------------+---------+-----------+----------+--------------+----------------+------+--------+---------------+------------+----------+-----------+------------+--------------+--------------------+----------------------------------------------------------------------------------------------------------------------------------------------------------------------------+--------+
| 0         | false    | 2026-01-01T00:00:00Z |             |                 |                |    | 3000 |          | 0       |              | 0       | false       | data | false            |         |           | server-1 | []           | []             | 100  | IN-USE |               |            | volume-1 |           |            | type-1       |                    | {"Description":"","IPRanges":[],"IsDefault":false,"IsEnabled":false,"Name":"zone-a-name","OpenStackZone":"","ServerCount":0,"UUID":"zone-a","VolumeCount":0,"ZoneType":""} |        |
+-----------+----------+----------------------+-------------+-----------------+----------------+----+------+----------+---------+--------------+---------+-------------+------+------------------+---------+-----------+----------+--------------+----------------+------+--------+---------------+------------+----------+-----------+------------+--------------+--------------------+----------------------------------------------------------------------------------------------------------------------------------------------------------------------------+--------+
