+-------------------------------------------------------------------------------------------------------------------------------------------------------+
| VolumeType                                                                                                                                            |
+-------------------------------------------------------------------------------------------------------------------------------------------------------+
| {"ID":"voltype-1","IOPS":0,"MaxSize":0,"MinSize":0,"Name":"","Throughput":0,"VolumeTypeID":"voltype-1","VolumeTypeZoneID":"zone-1","ZoneID":"zone-1"} |
+-------------------------------------------------------------------------------------------------------------------------------------------------------+
